public class xxx.AAA extends <a href="psi_element://ZZZ">ZZZ</a><br>implements yyy.XXX