<div class='definition'><pre><span style='color: #000080'>parameter</span> <span style='color: #000000'>as</span></pre></div>
<div class='content'>
<p>Use <code>as</code> parameter to reference conditional expression results:<pre><code><span style="color:#000080;font-weight:bold;">@if&#32;</span><span style="">(users$&#32;|&#32;async;&#32;</span><span style="color:#000080;font-weight:bold;">as&#32;</span><span style="">users)</span><span style="">&#32;{<br></span><span style="">&#32;&#32;</span><span style="">{{&#32;users.length&#32;}}</span><span style=""><br></span><span style="">}</span></code></pre>
</div><table class='sections'>
<tr><td valign='top' class='section'><p>Library:</td><td valign='top'><p>@angular/core@17.3.0</td>
</table>