<div class='definition'><pre><span style='color: #000080'>block</span> <span style='color: #000000'>@if</span></pre></div>
<div class='content'>
<p>The <code>@if</code> block conditionally displays its content when its condition expression is truthy:<pre><code><span style="color:#000080;font-weight:bold;">@if&#32;</span><span style="">(a&#32;&gt;&#32;b)</span><span style="">&#32;{<br></span><span style="">&#32;&#32;&#32;</span><span style="">{{a}}</span><span style="">&#32;is&#32;greater&#32;than&#32;</span><span style="">{{b}}</span><span style=""><br></span><span style="">}</span></code></pre><p>The <code>@if</code> block might have one or more associated <code>@else</code> blocks. Immediately after an <code>@if</code> block, you can optionally specify any number of <code>@else if</code> blocks and one <code>@else</code> block.
</div><table class='sections'>
<tr><td valign='top' class='section'><p>Primary block</td>
<tr><td valign='top' class='section'><p>Library:</td><td valign='top'><p>@angular/core@17.3.0</td>
</table>