<div class='definition'><pre><span style="color:#914c07;">Component</span><span style="">(<br></span><span style="">&#32;&#32;&#32;&#32;obj:&#32;<a href="psi_element://Component">Component</a>):&#32;<a href="psi_element://TypeDecorator">TypeDecorator</a></span></pre></div><div class='content'><p>Decorator that marks a class as an Angular component and provides configuration
metadata that determines how the component should be processed,
instantiated, and used at runtime.<p>Components are the most basic UI building block of an Angular app.
An Angular app contains a tree of Angular components.<p>Angular components are a subset of directives, always associated with a template.
Unlike other directives, only one component can be instantiated for a given element in a
template.<p>A component must belong to an NgModule in order for it to be available
to another component or application. To make it a member of an NgModule,
list it in the <code>declarations</code> field of the <code>NgModule</code> metadata.<p>Note that, in addition to these options for configuring a directive,
you can control a component's runtime behavior by implementing
life-cycle hooks. For more information, see the
<a href="guide/lifecycle-hooks">Lifecycle Hooks</a> guide.<h3>Usage Notes</h3>
<h3>Setting component inputs</h3><p>The following example creates a component with two data-bound properties,
specified by the <code>inputs</code> value.<p>&lt;code-example path=&quot;core/ts/metadata/directives.ts&quot; region=&quot;component-input&quot;&gt;&lt;/code-example&gt;<h3>Setting component outputs</h3><p>The following example shows two event emitters that emit on an interval. One
emits an output every second, while the other emits every five seconds.<h3>Injecting a class with a view provider</h3><p>The following simple example injects a class into a component
using the view provider specified in component metadata:<pre><code><span style="color:#000080;">class&#32;</span><span style="">Greeter&#32;{<br></span><span style="">&#32;&#32;&#32;greet(name:</span><span style="color:#000080;">string</span><span style="">)&#32;{<br></span><span style="">&#32;&#32;&#32;&#32;&#32;</span><span style="color:#000080;">return&#32;</span><span style="color:#008000;">'Hello&#32;'&#32;</span><span style="">+&#32;name&#32;+&#32;</span><span style="color:#008000;">'!'</span><span style="">;<br></span><span style="">&#32;&#32;&#32;}<br></span><span style="">}<br></span><span style=""><br></span><span style="color:#808000;">@Directive</span><span style="">({<br></span><span style="">&#32;&#32;selector:&#32;</span><span style="color:#008000;">'needs-greeter'<br></span><span style="">})<br></span><span style="color:#000080;">class&#32;</span><span style="">NeedsGreeter&#32;{<br></span><span style="">&#32;&#32;greeter:Greeter;<br></span><span style=""><br></span><span style="">&#32;&#32;constructor(greeter:Greeter)&#32;{<br></span><span style="">&#32;&#32;&#32;&#32;</span><span style="color:#000080;">this</span><span style="">.greeter&#32;=&#32;greeter;<br></span><span style="">&#32;&#32;}<br></span><span style="">}<br></span><span style=""><br></span><span style="color:#808000;">@Component</span><span style="">({<br></span><span style="">&#32;&#32;selector:&#32;</span><span style="color:#008000;">'greet'</span><span style="">,<br></span><span style="">&#32;&#32;viewProviders:&#32;[<br></span><span style="">&#32;&#32;&#32;&#32;Greeter<br></span><span style="">&#32;&#32;],<br></span><span style="">&#32;&#32;template:&#32;</span><span style="color:#008000;">`&lt;needs-greeter&gt;&lt;/needs-greeter&gt;`<br></span><span style="">})<br></span><span style="color:#000080;">class&#32;</span><span style="">HelloWorld&#32;{<br></span><span style="">}</span></code></pre><h3>Preserving whitespace</h3><p>Removing whitespace can greatly reduce AOT-generated code size and speed up view creation.
As of Angular 6, the default for <code>preserveWhitespaces</code> is false (whitespace is removed).
To change the default setting for all components in your application, set
the <code>preserveWhitespaces</code> option of the AOT compiler.<p>By default, the AOT compiler removes whitespace characters as follows:<ul><li>Trims all whitespaces at the beginning and the end of a template.</li><li>Removes whitespace-only text nodes. For example,</li></ul><pre><code><span style="">&lt;</span><span style="color:#000080;font-weight:bold;">button</span><span style="">&gt;</span><span style="">Action&#32;1</span><span style="">&lt;/</span><span style="color:#000080;font-weight:bold;">button</span><span style="">&gt;</span><span style="">&#32;&#32;</span><span style="">&lt;</span><span style="color:#000080;font-weight:bold;">button</span><span style="">&gt;</span><span style="">Action&#32;2</span><span style="">&lt;/</span><span style="color:#000080;font-weight:bold;">button</span><span style="">&gt;</span></code></pre><p>becomes:<pre><code><span style="">&lt;</span><span style="color:#000080;font-weight:bold;">button</span><span style="">&gt;</span><span style="">Action&#32;1</span><span style="">&lt;/</span><span style="color:#000080;font-weight:bold;">button</span><span style="">&gt;&lt;</span><span style="color:#000080;font-weight:bold;">button</span><span style="">&gt;</span><span style="">Action&#32;2</span><span style="">&lt;/</span><span style="color:#000080;font-weight:bold;">button</span><span style="">&gt;</span></code></pre><ul><li>Replaces a series of whitespace characters in text nodes with a single space.
For example, <code>&lt;span&gt;\n some text\n&lt;/span&gt;</code> becomes <code>&lt;span&gt; some text &lt;/span&gt;</code>.</li><li>Does NOT alter text nodes inside HTML tags such as <code>&lt;pre&gt;</code> or <code>&lt;textarea&gt;</code>,
where whitespace characters are significant.</li></ul><p>Note that these transformations can influence DOM nodes layout, although impact
should be minimal.<p>You can override the default behavior to preserve whitespace characters
in certain fragments of a template. For example, you can exclude an entire
DOM sub-tree by using the <code>ngPreserveWhitespaces</code> attribute:<pre><code><span style="">&lt;</span><span style="color:#000080;font-weight:bold;">div&#32;</span><span style="color:#0000ff;font-weight:bold;">ngPreserveWhitespaces</span><span style="">&gt;</span><span style=""><br></span><span style="">&#32;&#32;&#32;&#32;whitespaces&#32;are&#32;preserved&#32;here<br></span><span style="">&#32;&#32;&#32;&#32;</span><span style="">&lt;</span><span style="color:#000080;font-weight:bold;">span</span><span style="">&gt;</span><span style="">&#32;&#32;&#32;&#32;and&#32;here&#32;</span><span style="">&lt;/</span><span style="color:#000080;font-weight:bold;">span</span><span style="">&gt;</span><span style=""><br></span><span style="">&lt;/</span><span style="color:#000080;font-weight:bold;">div</span><span style="">&gt;</span></code></pre><p>You can force a single space to be preserved in a text node by using <code>&amp;ngsp;</code>,
which is replaced with a space character by Angular's template
compiler:<pre><code><span style="">&lt;</span><span style="color:#000080;font-weight:bold;">a</span><span style="">&gt;</span><span style="">Spaces</span><span style="">&lt;/</span><span style="color:#000080;font-weight:bold;">a</span><span style="">&gt;</span><span style="color:#0000ff;font-weight:bold;">&amp;ngsp;</span><span style="">&lt;</span><span style="color:#000080;font-weight:bold;">a</span><span style="">&gt;</span><span style="">between</span><span style="">&lt;/</span><span style="color:#000080;font-weight:bold;">a</span><span style="">&gt;</span><span style="color:#0000ff;font-weight:bold;">&amp;ngsp;</span><span style="">&lt;</span><span style="color:#000080;font-weight:bold;">a</span><span style="">&gt;</span><span style="">links.</span><span style="">&lt;/</span><span style="color:#000080;font-weight:bold;">a</span><span style="">&gt;</span><span style=""><br></span><span style="color:#808080;font-style:italic;">&lt;!--&#32;compiled&#32;to&#32;be&#32;equivalent&#32;to:<br></span><span style="color:#808080;font-style:italic;">&#32;&lt;a&gt;Spaces&lt;/a&gt;&#32;&lt;a&gt;between&lt;/a&gt;&#32;&lt;a&gt;links.&lt;/a&gt;&#32;&#32;--&gt;</span></code></pre><p>Note that sequences of <code>&amp;ngsp;</code> are still collapsed to just one space character when
the <code>preserveWhitespaces</code> option is set to <code>false</code>.<pre><code><span style="">&lt;</span><span style="color:#000080;font-weight:bold;">a</span><span style="">&gt;</span><span style="">before</span><span style="">&lt;/</span><span style="color:#000080;font-weight:bold;">a</span><span style="">&gt;</span><span style="color:#0000ff;font-weight:bold;">&amp;ngsp;&amp;ngsp;&amp;ngsp;</span><span style="">&lt;</span><span style="color:#000080;font-weight:bold;">a</span><span style="">&gt;</span><span style="">after</span><span style="">&lt;/</span><span style="color:#000080;font-weight:bold;">a</span><span style="">&gt;</span><span style=""><br></span><span style="color:#808080;font-style:italic;">&lt;!--&#32;compiled&#32;to&#32;be&#32;equivalent&#32;to:<br></span><span style="color:#808080;font-style:italic;">&#32;&lt;a&gt;before&lt;/a&gt;&#32;&lt;a&gt;after&lt;/a&gt;&#32;--&gt;</span></code></pre><p>To preserve sequences of whitespace characters, use the
<code>ngPreserveWhitespaces</code> attribute.</div><table class='sections'><tr><td valign='top' class='section'><p>Annotation</td><td valign='top'><p></td><tr><td valign='top' colspan='2'><icon src='JavaScriptPsiIcons.FileTypes.TypeScriptFile'/>&nbsp;@angular/core</td></table>