<div class='definition'><pre><span style='color: #000080'>directive input</span> <span style='color: #660e7a'>my-input</span><span style='color: #000000'>: </span><span style='color: #000000'><span style=""><span style='color: #589df6'><a href="psi_element://String">String</a></span></span></span></pre></div><div class='content'><p>the input</div>
<div class='definition'><pre><span style='color: #000080'>directive output</span> <span style='color: #660e7a'>my-inputChange</span><span style='color: #000000'>: </span><span style='color: #000000'><span style=""><span style='color: #589df6'><a href="psi_element://String">String</a></span></span></span></pre></div><div class='content'><p>the output</div><table class='sections'><tr><td valign='top' class='section'><p>Foo:</td><td valign='top'><p>bar</td></table>
<div class='definition'><pre><span style='color: #000080'>standalone</span> <span style='color: #000080'>directive</span> <span style='color: #000000'><span style="">MyDirective</span></span></pre></div><table class='sections'><tr><td valign='top' class='section'><p>Selectors:</td><td valign='top'><p><pre><span style="">[</span><span style="color:#000080;">my-input</span><span style="">]</span></pre></td></table><table class='sections'><tr><td valign='top' colspan='2'><icon src='JavaScriptPsiIcons.FileTypes.TypeScriptFile'/>&nbsp;directiveNoDocInOutDoc.ts</td></table>