<div class='definition'><pre><span style='color: #000080'>directive input</span> <span style='color: #660e7a'>color</span><span style='color: #000000'>: </span><span style='color: #000000'><span style="color:#000080;">string</span></span></pre></div><div class='content'><p>The color input</div>
<div class='definition'><pre><span style='color: #000080'>standalone</span> <span style='color: #000080'>directive</span> <span style='color: #000000'><span style="">MyDirective&lt;</span><span style="color:#000080;">string</span><span style="">,&#32;</span><span style="color:#000080;">any</span><span style="">&gt;</span></span></pre></div><table class='sections'><tr><td valign='top' class='section'><p>Selectors:</td><td valign='top'><p><pre><span style="">[</span><span style="color:#000080;">color</span><span style="">]</span></pre></td></table><table class='sections'><tr><td valign='top'><icon src='JavaScriptPsiIcons.FileTypes.TypeScriptFile'/>&nbsp;directiveWithGenerics.ts</td></table>