<div class='definition'><pre><span style='color: #000080'>directive input</span> <span style='color: #660e7a'>ngPlural</span><span style='color: #000000'>: </span><span style='color: #000000'><span style="color:#000080;">number</span></span></pre></div>
<div class='definition'><pre><span style='color: #000080'>directive</span> <span style='color: #000000'><span style="">NgPlural</span></span></pre></div><div class='content'><p><h3>Usage Notes</h3>
<pre><code>&lt;some-element [ngPlural]=&quot;value&quot;&gt;
  &lt;ng-template ngPluralCase=&quot;=0&quot;&gt;there is nothing&lt;/ng-template&gt;
  &lt;ng-template ngPluralCase=&quot;=1&quot;&gt;there is one&lt;/ng-template&gt;
  &lt;ng-template ngPluralCase=&quot;few&quot;&gt;there are a few&lt;/ng-template&gt;
&lt;/some-element&gt;</code></pre><p>Adds / removes DOM sub-trees based on a numeric value. Tailored for pluralization.<p>Displays DOM sub-trees that match the switch expression value, or failing that, DOM sub-trees
that match the switch expression's pluralization category.<p>To use this directive you must provide a container element that sets the <code>[ngPlural]</code> attribute
to a switch expression. Inner elements with a <code>[ngPluralCase]</code> will display based on their
expression:<ul><li>if <code>[ngPluralCase]</code> is set to a value starting with <code>=</code>, it will only display if the value
  matches the switch expression exactly,</li><li>otherwise, the view will be treated as a &quot;category match&quot;, and will only display if exact
  value matches aren't found and the value maps to its category for the defined locale.</li></ul><p>See <a href="http://cldr.unicode.org/index/cldr-spec/plural-rules">http://cldr.unicode.org/index/cldr-spec/plural-rules</a></div><table class='sections'><tr><td valign='top' class='section'><p>Selectors:</td><td valign='top'><p><pre><span style="">[</span><span style="color:#000080;">ngPlural</span><span style="">]</span></pre></td><tr><td valign='top' class='section'><p>NgModule:</td><td valign='top'><p>CommonModule</td><tr><td valign='top' class='section'><p>Public API</td><td valign='top'><p></td><tr><td valign='top' colspan='2'><icon src='JavaScriptPsiIcons.FileTypes.TypeScriptFile'/>&nbsp;deps/ng_plural.ts</td></table>