<div class='definition'><pre><span style='color: #000080'>directive input</span> <span style='color: #660e7a'>dir</span><span style='color: #000000'>: </span><span style='color: #000000'><span style=""><span style='color: #589df6'><a href="psi_element://Direction">Direction</a></span></span></span></pre></div>
<div class='definition'><pre><span style='color: #000080'>directive output</span> <span style='color: #660e7a'>dirChange</span><span style='color: #000000'>: </span><span style='color: #000000'><span style=""><span style='color: #589df6'><a href="psi_element://Direction">Direction</a></span></span></span></pre></div><div class='content'><p>Event emitted when the direction changes.</div>
<div class='definition'><pre><span style='color: #000080'>directive</span> <span style='color: #000000'><span style="">Dir</span></span></pre></div><div class='content'><p>Directive to listen for changes of direction of part of the DOM.<p>Provides itself as Directionality such that descendant directives only need to ever inject
Directionality to get the closest direction.</div><table class='sections'><tr><td valign='top' class='section'><p>Selectors:</td><td valign='top'><p><pre><span style="">[</span><span style="color:#000080;">dir</span><span style="">]</span></pre></td><tr><td valign='top' class='section'><p>Export as:</td><td valign='top'><p><pre><span style='color: #660e7a'>dir</span></pre></td><tr><td valign='top' colspan='2'><icon src='JavaScriptPsiIcons.FileTypes.TypeScriptFile'/>&nbsp;deps/dir.ts</td></table>