<div class='definition'><pre><span style='color: #000080'>standalone</span> <span style='color: #000080'>directive</span> <span style='color: #000000'><span style="">NgForOf&lt;</span><span style="color:#000080;">string</span><span style="">,&#32;</span><span style="color:#000080;">string</span><span style="">[]&gt;</span></span></pre></div><div class='content'><p>A <a href="guide/structural-directives">structural directive</a> that renders
a template for each item in a collection.
The directive is placed on an element, which becomes the parent
of the cloned templates.<p>The <code>ngForOf</code> directive is generally used in the
<a href="guide/structural-directives#asterisk">shorthand form</a> <code>*ngFor</code>.
In this form, the template to be rendered for each iteration is the content
of an anchor element containing the directive.<p>The following example shows the shorthand syntax with some options,
contained in an <code>&lt;li&gt;</code> element.<pre><code>&lt;li *ngFor=&quot;let item of items; index as i; trackBy: trackByFn&quot;&gt;...&lt;/li&gt;</code></pre><p>The shorthand form expands into a long form that uses the <code>ngForOf</code> selector
on an <code>&lt;ng-template&gt;</code> element.
The content of the <code>&lt;ng-template&gt;</code> element is the <code>&lt;li&gt;</code> element that held the
short-form directive.<p>Here is the expanded version of the short-form example.<pre><code>&lt;ng-template ngFor let-item [ngForOf]=&quot;items&quot; let-i=&quot;index&quot; [ngForTrackBy]=&quot;trackByFn&quot;&gt;
  &lt;li&gt;...&lt;/li&gt;
&lt;/ng-template&gt;</code></pre><p>Angular automatically expands the shorthand syntax as it compiles the template.
The context for each embedded view is logically merged to the current component
context according to its lexical position.<p>When using the shorthand syntax, Angular allows only <a href="guide/structural-directives#one-per-element">one structural directive
on an element</a>.
If you want to iterate conditionally, for example,
put the <code>*ngIf</code> on a container element that wraps the <code>*ngFor</code> element.
For further discussion, see
<a href="guide/structural-directives#one-per-element">Structural Directives</a>.<h3>Usage Notes</h3>
<h3>Local variables</h3><p><code>NgForOf</code> provides exported values that can be aliased to local variables.
For example:<pre><code>&lt;li *ngFor=&quot;let user of users; index as i; first as isFirst&quot;&gt;
   {{i}}/{{users.length}}. {{user}} &lt;span *ngIf=&quot;isFirst&quot;&gt;default&lt;/span&gt;
&lt;/li&gt;</code></pre><p>The following exported values can be aliased to local variables:<ul><li><code>$implicit: T</code>: The value of the individual items in the iterable (<code>ngForOf</code>).</li><li><code>ngForOf: NgIterable&lt;T&gt;</code>: The value of the iterable expression. Useful when the expression is
more complex then a property access, for example when using the async pipe (<code>userStreams |
async</code>).</li><li><code>index: number</code>: The index of the current item in the iterable.</li><li><code>count: number</code>: The length of the iterable.</li><li><code>first: boolean</code>: True when the item is the first item in the iterable.</li><li><code>last: boolean</code>: True when the item is the last item in the iterable.</li><li><code>even: boolean</code>: True when the item has an even index in the iterable.</li><li><code>odd: boolean</code>: True when the item has an odd index in the iterable.</li></ul><h3>Change propagation</h3><p>When the contents of the iterator changes, <code>NgForOf</code> makes the corresponding changes to the DOM:<ul><li>When an item is added, a new instance of the template is added to the DOM.</li><li>When an item is removed, its template instance is removed from the DOM.</li><li>When items are reordered, their respective templates are reordered in the DOM.</li></ul><p>Angular uses object identity to track insertions and deletions within the iterator and reproduce
those changes in the DOM. This has important implications for animations and any stateful
controls that are present, such as <code>&lt;input&gt;</code> elements that accept user input. Inserted rows can
be animated in, deleted rows can be animated out, and unchanged rows retain any unsaved state
such as user input.
For more on animations, see <a href="guide/transition-and-triggers">Transitions and Triggers</a>.<p>The identities of elements in the iterator can change while the data does not.
This can happen, for example, if the iterator is produced from an RPC to the server, and that
RPC is re-run. Even if the data hasn't changed, the second response produces objects with
different identities, and Angular must tear down the entire DOM and rebuild it (as if all old
elements were deleted and all new elements inserted).<p>To avoid this expensive operation, you can customize the default tracking algorithm.
by supplying the <code>trackBy</code> option to <code>NgForOf</code>.
<code>trackBy</code> takes a function that has two arguments: <code>index</code> and <code>item</code>.
If <code>trackBy</code> is given, Angular tracks changes by the return value of the function.</div><table class='sections'><tr><td valign='top' class='section'><p>Selectors:</td><td valign='top'><p><pre><span style="">[</span><span style="color:#000080;">ngFor</span><span style="">]</span></pre></td><tr><td valign='top' class='section'><p>NgModule:</td><td valign='top'><p>CommonModule</td><tr><td valign='top' class='section'><p>Public API</td><td valign='top'><p></td><tr><td valign='top' class='section'><p>See also:</td><td valign='top'><a href="guide/structural-directives">Structural Directives</a></td><tr><td valign='top' colspan='2'><icon src='JavaScriptPsiIcons.FileTypes.TypeScriptFile'/>&nbsp;@angular/common</td></table>