<div class="bottom"><icon src="AllIcons.Nodes.Class"/>&nbsp;<a href="psi_element://AppComponent"><code>AppComponent</code></a></div><div class='definition'><pre>movieSig: <span style="">()&#32;=&gt;&#32;(<a href="psi_element://Movie">Movie</a>&#32;|&#32;</span><span style="color:#000080;">null</span><span style="">)</span></pre></div><table class='sections'><tr><td valign='top'><icon src='JavaScriptPsiIcons.FileTypes.TypeScriptFile'/>&nbsp;writableSignalCall.ts</td></table>