<div class="bottom"><icon src="AllIcons.Nodes.Class"/>&nbsp;<a href="psi_element://AppComponent"><code>AppComponent</code></a></div><div class='definition'><pre>movieSig: <span style=""><a href="psi_element://WritableSignal">WritableSignal</a>&lt;<a href="psi_element://Movie">Movie</a>&gt;</span></pre></div><div class='content'><p>foo</div><table class='sections'><tr><td valign='top'><icon src='JavaScriptPsiIcons.FileTypes.TypeScriptFile'/>&nbsp;writableSignal.ts</td></table>