<div class='definition'><pre><span style="color:#000080;">export&#32;function&#32;</span><span style="font-style:italic;">defineEmits&lt;{}&gt;</span><span style="">(<br></span><span style="">&#32;&#32;&#32;&#32;emitOptions:&#32;{}):&#32;<a href="psi_element://EmitFn">EmitFn</a>&lt;{}&gt;</span></pre></div><div class='content'><p>Vue <code>&lt;script setup&gt;</code> compiler macro for declaring a component's emitted
events. The expected argument is the same as the component <code>emits</code> option.<p>Example runtime declaration:<pre><code><span style="color:#000080;">const&#32;</span><span style="">emit&#32;=&#32;defineEmits([</span><span style="color:#008000;">'change'</span><span style="">,&#32;</span><span style="color:#008000;">'update'</span><span style="">])</span></code></pre><p>Example type-based declaration:<pre><code><span style="color:#000080;">const&#32;</span><span style="">emit&#32;=&#32;defineEmits&lt;{<br></span><span style="">&#32;&#32;</span><span style="color:#808080;font-style:italic;">//&#32;&lt;eventName&gt;:&#32;&lt;expected&#32;arguments&gt;<br></span><span style="color:#808080;font-style:italic;">&#32;&#32;</span><span style="">change:&#32;[]<br></span><span style="">&#32;&#32;update:&#32;[value:&#32;</span><span style="color:#000080;">string</span><span style="">]&#32;</span><span style="color:#808080;font-style:italic;">//&#32;named&#32;tuple&#32;syntax<br></span><span style="">}&gt;()<br></span><span style=""><br></span><span style="">emit(</span><span style="color:#008000;">'change'</span><span style="">)<br></span><span style="">emit(</span><span style="color:#008000;">'update'</span><span style="">,&#32;</span><span style="color:#0000ff;">1</span><span style="">)</span></code></pre><p>This is only usable inside <code>&lt;script setup&gt;</code>, is compiled away in the
output and should <b>not</b> be actually called at runtime.</div><table class='sections'><tr><td valign='top' class='section'><p>See also:</td><td valign='top'>â€” <a href="https://vuejs.org/api/sfc-script-setup.html#defineprops-defineemits">https://vuejs.org/api/sfc-script-setup.html#defineprops-defineemits</a></td><tr><td valign='top' colspan='2'><icon src='JavaScriptPsiIcons.FileTypes.TypeScriptFile'/>&nbsp;@vue/runtime-core</td></table>