<div class='definition'><pre>my-input</pre></div>
<div class='content'>
<p>My input
</div><table class='sections'>
<tr><td valign='top' class='section'><p>Required</td>
<tr><td valign='top' class='section'><p>Default:</td><td valign='top'><p><code>'foo'</code></td>
<tr><td valign='top' class='section'><p>Library:</td><td valign='top'><p>test-lib@2.0.0-rc.24</td>
</table>