<div class='definition'><pre><span style='color: #000080'>block</span> <span style='color: #000000'>@if</span></pre></div>
<div class='content'>
<p>The <code>@if</code> block conditionally displays its content when its condition expression is truthy:</p><pre><code class="language-Angular2Html">@if (a &gt; b) {
   {{a}} is greater than {{b}}
}
</pre><p>The <code>@if</code> block might have one or more associated <code>@else</code> blocks. Immediately after an <code>@if</code> block, you can optionally specify any number of <code>@else if</code> blocks and one <code>@else</code> block.</p>
</div><table class='sections'>
<tr><td valign='top' class='section'><p>Primary block</td>
<tr><td valign='top' class='section'><p>Library:</td><td valign='top'><p>@angular/core@17.0.0-rc.0</td>
</table>