<div class='definition'><pre><span style='color: #000080'>parameter</span> <span style='color: #000000'>as</span></pre></div>
<div class='content'>
<p>Use <code>as</code> parameter to reference conditional expression results:</p><pre><code class="language-Angular2Html">@if (users$ | async; as users) {
  {{ users.length }}
}
</pre>
</div><table class='sections'>
<tr><td valign='top' class='section'><p>Library:</td><td valign='top'><p>@angular/core@17.0.0-rc.0</td>
</table>