<div class='definition'><pre>$first:&#32;<span style=""></span><span style="color:#000080;">boolean</span></pre></div>
<div class='content'>
<p>Whether the current row is the first row</p>
</div><table class='sections'>
<tr><td valign='top' class='section'><p>Library:</td><td valign='top'><p>@angular/core@17.0.0-rc.0</td>
</table>