<div class='definition'><pre>is:inline</pre></div>
<div class='content'>
<p>By default, Astro will process, optimize, and bundle any <code>&lt;script&gt;</code> and <code>&lt;style&gt;</code> tags that it sees on the page. You can opt-out of this behavior with the <code>is:inline</code> directive.<p><code>is:inline</code> tells Astro to leave the <code>&lt;script&gt;</code> or <code>&lt;style&gt;</code> tag as-is in the final output HTML. The contents will not be processed, optimized, or bundled. This limits some Astro features, like importing an npm package or using a compile-to-CSS language like Sass.<p>The <code>is:inline</code> directive means that <code>&lt;style&gt;</code> and <code>&lt;script&gt;</code> tags:<ul><li>Will not be bundled into an external file. This means that <a href="https://javascript.info/script-async-defer">attributes like <code>defer</code></a> which control the loading of an external file will have no effect.</li><li>Will not be deduplicatedâ€”the element will appear as many times as it is rendered.</li><li>Will not have its <code>import</code>/<code>@import</code>/<code>url()</code> references resolved relative to the <code>.astro</code> file.</li><li>Will be rendered in the final output HTML exactly where it is authored.</li><li>Styles will be global and not scoped to the component.</li></ul><pre><code><span style="">&lt;</span><span style="color:#000080;">style&#32;</span><span style="color:#0000ff;">is:inline</span><span style="">&gt;</span><span style=""><br></span><span style="">&#32;&#32;</span><span style="color:#808080;font-style:italic;">/*&#32;inline:&#32;relative&#32;&amp;&#32;npm&#32;package&#32;imports&#32;are&#32;not&#32;supported.&#32;*/<br></span><span style="color:#808080;font-style:italic;">&#32;&#32;</span><span style="color:#000080;">@import&#32;</span><span style="color:#008000;">'/assets/some-public-styles.css'</span><span style="">;<br></span><span style="">&#32;&#32;</span><span style="color:#000080;">span&#32;</span><span style="">{&#32;</span><span style="color:#0000ff;">color</span><span style="">:&#32;</span><span style="color:#008000;">green</span><span style="">;&#32;}<br></span><span style="">&lt;/</span><span style="color:#000080;">style</span><span style="">&gt;</span><span style=""><br></span><span style=""><br></span><span style="">&lt;</span><span style="color:#000080;">script&#32;</span><span style="color:#0000ff;">is:inline</span><span style="">&gt;</span><span style=""><br></span><span style="">&#32;&#32;</span><span style="color:#808080;font-style:italic;">/*&#32;inline:&#32;relative&#32;&amp;&#32;npm&#32;package&#32;imports&#32;are&#32;not&#32;supported.&#32;*/<br></span><span style="color:#808080;font-style:italic;">&#32;&#32;</span><span style="">console.log(</span><span style="color:#008000;">'I&#32;am&#32;inlined&#32;right&#32;here&#32;in&#32;the&#32;final&#32;output&#32;HTML.'</span><span style="">);<br></span><span style="">&lt;/</span><span style="color:#000080;">script</span><span style="">&gt;</span></code></pre><p>##Caution
The <code>is:inline</code> directive is implied whenever any attribute other than <code>src</code> is used on a <code>&lt;script&gt;</code> or <code>&lt;style&gt;</code> tag.
</div><table class='sections'>
<tr><td valign='top' class='section'><p>Related:</td><td valign='top'><p><a href="/en/core-concepts/astro-components/#client-side-scripts">Client-side scripts</a></td>
<tr><td valign='top' class='section'><p>Library:</td><td valign='top'><p>astro</td>
</table>